// Jest Snapshot v1, https://goo.gl/fbAQLP

exports[`renders correctly 1`] = `
<n
  height={400}
  items={
    Array [
      Object {
        "id": 0,
        "label": "pippi",
      },
      Object {
        "id": 1,
        "label": "pappa",
      },
      Object {
        "id": 2,
        "label": "food",
      },
      Object {
        "id": 3,
        "label": "cat",
      },
      Object {
        "id": 4,
        "label": "nanna",
      },
    ]
  }
  onChange={[Function]}
  responsiveHeight="400px"
  selectedItems={Array []}
/>
`;
